{
  "obj": {
    "foo": "bar",
    "boof": null
  }
}